// Jest Snapshot v1, https://goo.gl/fbAQLP

exports[`Test Button component renders 1`] = `
<ThemeProvider>
  Button
</ThemeProvider>
`;
